[root@slurm-master libjwt]# autoreconf -i
[root@slurm-master libjwt]# pkg-config --cflags libjwt
 
[root@slurm-master libjwt]# clear






































[root@slurm-master libjwt]# autoreconf -i
[root@slurm-master libjwt]# ./configure --libdir=/usr/lib64 --prefix=/usr
checking for a BSD-compatible install... /usr/bin/install -c
checking whether build environment is sane... yes
checking for a thread-safe mkdir -p... /usr/bin/mkdir -p
checking for gawk... gawk
checking whether make sets $(MAKE)... yes
checking whether make supports nested variables... yes
checking build system type... x86_64-unknown-linux-gnu
checking host system type... x86_64-unknown-linux-gnu
checking how to print strings... printf
checking for style of include used by make... GNU
checking for gcc... gcc
checking whether the C compiler works... yes
checking for C compiler default output file name... a.out
checking for suffix of executables... 
checking whether we are cross compiling... no
checking for suffix of object files... o
checking whether we are using the GNU C compiler... yes
checking whether gcc accepts -g... yes
checking for gcc option to accept ISO C89... none needed
checking dependency style of gcc... gcc3
checking for a sed that does not truncate output... /usr/bin/sed
checking for grep that handles long lines and -e... /usr/bin/grep
checking for egrep... /usr/bin/grep -E
checking for fgrep... /usr/bin/grep -F
checking for ld used by gcc... /usr/bin/ld
checking if the linker (/usr/bin/ld) is GNU ld... yes
checking for BSD- or MS-compatible name lister (nm)... /usr/bin/nm -B
checking the name lister (/usr/bin/nm -B) interface... BSD nm
checking whether ln -s works... yes
checking the maximum length of command line arguments... 1572864
checking whether the shell understands some XSI constructs... yes
checking whether the shell understands "+="... yes
checking how to convert x86_64-unknown-linux-gnu file names to x86_64-unknown-linux-gnu format... func_convert_file_noop
checking how to convert x86_64-unknown-linux-gnu file names to toolchain format... func_convert_file_noop
checking for /usr/bin/ld option to reload object files... -r
checking for objdump... objdump
checking how to recognize dependent libraries... pass_all
checking for dlltool... no
checking how to associate runtime and link libraries... printf %s\n
checking for ar... ar
checking for archiver @FILE support... @
checking for strip... strip
checking for ranlib... ranlib
checking command to parse /usr/bin/nm -B output from gcc object... ok
checking for sysroot... no
checking for mt... no
checking if : is a manifest tool... no
checking how to run the C preprocessor... gcc -E
checking for ANSI C header files... yes
checking for sys/types.h... yes
checking for sys/stat.h... yes
checking for stdlib.h... yes
checking for string.h... yes
checking for memory.h... yes
checking for strings.h... yes
checking for inttypes.h... yes
checking for stdint.h... yes
checking for unistd.h... yes
checking for dlfcn.h... yes
checking for objdir... .libs
checking if gcc supports -fno-rtti -fno-exceptions... no
checking for gcc option to produce PIC... -fPIC -DPIC
checking if gcc PIC flag -fPIC -DPIC works... yes
checking if gcc static flag -static works... no
checking if gcc supports -c -o file.o... yes
checking if gcc supports -c -o file.o... (cached) yes
checking whether the gcc linker (/usr/bin/ld -m elf_x86_64) supports shared libraries... yes
checking whether -lc should be explicitly linked in... no
checking dynamic linker characteristics... GNU/Linux ld.so
checking how to hardcode library paths into programs... immediate
checking whether stripping libraries is possible... yes
checking if libtool supports shared libraries... yes
checking whether to build shared libraries... yes
checking whether to build static libraries... yes
checking for pkg-config... /usr/bin/pkg-config
checking pkg-config is at least version 0.9.0... yes
checking for OPENSSL... yes
checking for JANSSON... yes
checking for CHECK... no
checking for valgrind... no
checking whether to build with code coverage support... no
checking whether weak aliases are supported... yes
checking for doxygen... no
configure: WARNING: doxygen not found - will not generate any doxygen documentation
checking for perl... /usr/bin/perl
checking that generated files are newer than configure... done
configure: creating ./config.status
config.status: creating Makefile
config.status: creating include/Makefile
config.status: creating libjwt/Makefile
config.status: creating examples/Makefile
config.status: creating tests/Makefile
config.status: creating libjwt/libjwt.pc
config.status: creating dist/Makefile
config.status: creating dist/libjwt.spec
config.status: creating libjwt/config.h
config.status: libjwt/config.h is unchanged
config.status: executing depfiles commands
config.status: executing libtool commands
[root@slurm-master libjwt]# make all
Making all in include
make[1]: Entering directory `/root/slurm_setup/plugin/libjwt/include'
make[1]: Nothing to be done for `all'.
make[1]: Leaving directory `/root/slurm_setup/plugin/libjwt/include'
Making all in libjwt
make[1]: Entering directory `/root/slurm_setup/plugin/libjwt/libjwt'
make  all-am
make[2]: Entering directory `/root/slurm_setup/plugin/libjwt/libjwt'
make[2]: Leaving directory `/root/slurm_setup/plugin/libjwt/libjwt'
make[1]: Leaving directory `/root/slurm_setup/plugin/libjwt/libjwt'
Making all in examples
make[1]: Entering directory `/root/slurm_setup/plugin/libjwt/examples'
make[1]: Nothing to be done for `all'.
make[1]: Leaving directory `/root/slurm_setup/plugin/libjwt/examples'
Making all in tests
make[1]: Entering directory `/root/slurm_setup/plugin/libjwt/tests'
make[1]: Nothing to be done for `all'.
make[1]: Leaving directory `/root/slurm_setup/plugin/libjwt/tests'
Making all in dist
make[1]: Entering directory `/root/slurm_setup/plugin/libjwt/dist'
make[1]: Nothing to be done for `all'.
make[1]: Leaving directory `/root/slurm_setup/plugin/libjwt/dist'
make[1]: Entering directory `/root/slurm_setup/plugin/libjwt'
make[1]: Nothing to be done for `all-am'.
make[1]: Leaving directory `/root/slurm_setup/plugin/libjwt'
[root@slurm-master libjwt]# make install
Making install in include
make[1]: Entering directory `/root/slurm_setup/plugin/libjwt/include'
make[2]: Entering directory `/root/slurm_setup/plugin/libjwt/include'
make[2]: Nothing to be done for `install-exec-am'.
 /usr/bin/mkdir -p '/usr/include'
 /usr/bin/install -c -m 644 jwt.h '/usr/include'
make[2]: Leaving directory `/root/slurm_setup/plugin/libjwt/include'
make[1]: Leaving directory `/root/slurm_setup/plugin/libjwt/include'
Making install in libjwt
make[1]: Entering directory `/root/slurm_setup/plugin/libjwt/libjwt'
make[2]: Entering directory `/root/slurm_setup/plugin/libjwt/libjwt'
 /usr/bin/mkdir -p '/usr/lib64'
 /bin/sh ../libtool   --mode=install /usr/bin/install -c   libjwt.la '/usr/lib64'
libtool: install: /usr/bin/install -c .libs/libjwt.so.0.7.0 /usr/lib64/libjwt.so.0.7.0
libtool: install: (cd /usr/lib64 && { ln -s -f libjwt.so.0.7.0 libjwt.so.0 || { rm -f libjwt.so.0 && ln -s libjwt.so.0.7.0 libjwt.so.0; }; })
libtool: install: (cd /usr/lib64 && { ln -s -f libjwt.so.0.7.0 libjwt.so || { rm -f libjwt.so && ln -s libjwt.so.0.7.0 libjwt.so; }; })
libtool: install: /usr/bin/install -c .libs/libjwt.lai /usr/lib64/libjwt.la
libtool: install: /usr/bin/install -c .libs/libjwt.a /usr/lib64/libjwt.a
libtool: install: chmod 644 /usr/lib64/libjwt.a
libtool: install: ranlib /usr/lib64/libjwt.a
libtool: finish: PATH="/usr/local/sbin:/usr/local/bin:/usr/sbin:/usr/bin:/root/bin:/sbin" ldconfig -n /usr/lib64
----------------------------------------------------------------------
Libraries have been installed in:
   /usr/lib64

If you ever happen to want to link against installed libraries
in a given directory, LIBDIR, you must either use libtool, and
specify the full pathname of the library, or use the `-LLIBDIR'
flag during linking and do at least one of the following:
   - add LIBDIR to the `LD_LIBRARY_PATH' environment variable
     during execution
   - add LIBDIR to the `LD_RUN_PATH' environment variable
     during linking
   - use the `-Wl,-rpath -Wl,LIBDIR' linker flag
   - have your system administrator add LIBDIR to `/etc/ld.so.conf'

See any operating system documentation about shared libraries for
more information, such as the ld(1) and ld.so(8) manual pages.
----------------------------------------------------------------------
 /usr/bin/mkdir -p '/usr/lib64/pkgconfig'
 /usr/bin/install -c -m 644 libjwt.pc '/usr/lib64/pkgconfig'
make[2]: Leaving directory `/root/slurm_setup/plugin/libjwt/libjwt'
make[1]: Leaving directory `/root/slurm_setup/plugin/libjwt/libjwt'
Making install in examples
make[1]: Entering directory `/root/slurm_setup/plugin/libjwt/examples'
make[2]: Entering directory `/root/slurm_setup/plugin/libjwt/examples'
 /usr/bin/mkdir -p '/usr/bin'
  /bin/sh ../libtool   --mode=install /usr/bin/install -c jwtgen jwtauth '/usr/bin'
libtool: install: /usr/bin/install -c .libs/jwtgen /usr/bin/jwtgen
libtool: install: /usr/bin/install -c .libs/jwtauth /usr/bin/jwtauth
make[2]: Nothing to be done for `install-data-am'.
make[2]: Leaving directory `/root/slurm_setup/plugin/libjwt/examples'
make[1]: Leaving directory `/root/slurm_setup/plugin/libjwt/examples'
Making install in tests
make[1]: Entering directory `/root/slurm_setup/plugin/libjwt/tests'
make[2]: Entering directory `/root/slurm_setup/plugin/libjwt/tests'
make[2]: Nothing to be done for `install-exec-am'.
make[2]: Nothing to be done for `install-data-am'.
make[2]: Leaving directory `/root/slurm_setup/plugin/libjwt/tests'
make[1]: Leaving directory `/root/slurm_setup/plugin/libjwt/tests'
Making install in dist
make[1]: Entering directory `/root/slurm_setup/plugin/libjwt/dist'
make[2]: Entering directory `/root/slurm_setup/plugin/libjwt/dist'
make[2]: Nothing to be done for `install-exec-am'.
make[2]: Nothing to be done for `install-data-am'.
make[2]: Leaving directory `/root/slurm_setup/plugin/libjwt/dist'
make[1]: Leaving directory `/root/slurm_setup/plugin/libjwt/dist'
make[1]: Entering directory `/root/slurm_setup/plugin/libjwt'
make[2]: Entering directory `/root/slurm_setup/plugin/libjwt'
make[2]: Nothing to be done for `install-exec-am'.
make[2]: Nothing to be done for `install-data-am'.
make[2]: Leaving directory `/root/slurm_setup/plugin/libjwt'
make[1]: Leaving directory `/root/slurm_setup/plugin/libjwt'
[root@slurm-master libjwt]# ls /usr/lib64/pkgconfig/libjwt.pc 
/usr/lib64/pkgconfig/libjwt.pc
[root@slurm-master libjwt]# ll /usr/lib64/pkgconfig/libjwt.pc 
-rw-r--r-- 1 root root 230 Feb  2 21:31 /usr/lib64/pkgconfig/libjwt.pc
[root@slurm-master libjwt]# export PKG_CONFIG_PATH=/usr/lib64/pkgconfig:$PKG_CONFIG_PATH
[root@slurm-master libjwt]# pkg-config --cflags libjwt
 
[root@slurm-master libjwt]# cat /usr/lib64/pkgconfig/libjwt.pc
prefix=/usr
exec_prefix=${prefix}
libdir=/usr/lib64
includedir=${prefix}/include

Name: libjwt
Description: JWT C Library
Version: 1.12.0

Cflags: -I${includedir}
Libs: -L${libdir} -ljwt
Libs.private: -ljansson   -lssl -lcrypto  
[root@slurm-master libjwt]# ll /usr/lib64/pkgconfig/json
json-c.pc  json.pc    
[root@slurm-master libjwt]# ll /usr/lib64/pkgconfig/json-c.pc 
-rw-r--r-- 1 root root 207 Jun 24  2014 /usr/lib64/pkgconfig/json-c.pc
[root@slurm-master libjwt]# pkg-config --cflags json-c
-I/usr/include/json-c  
[root@slurm-master libjwt]# 
